<?xml version="1.0"?>
<link_info>
   <banner>MSP430 Linker PC v4.2.7</banner>
   <copyright>Copyright (c) 2003-2014 Texas Instruments Incorporated</copyright>
   <link_time>0x57422ab6</link_time>
   <link_errors>0x0</link_errors>
   <output_file>AFE4400EVM.out</output_file>
   <entry_point>
      <name>_c_int00</name>
      <address>0x479c</address>
   </entry_point>
   <input_file_list>
      <input_file id="fl-2">
         <path>.\AFE4400\</path>
         <kind>object</kind>
         <file>AFE44x0.obj</file>
         <name>AFE44x0.obj</name>
      </input_file>
      <input_file id="fl-3">
         <path>.\HAL\</path>
         <kind>object</kind>
         <file>HAL_UCS.obj</file>
         <name>HAL_UCS.obj</name>
      </input_file>
      <input_file id="fl-4">
         <path>.\HAL\</path>
         <kind>object</kind>
         <file>HAL_TLV.obj</file>
         <name>HAL_TLV.obj</name>
      </input_file>
      <input_file id="fl-5">
         <path>.\HAL\</path>
         <kind>object</kind>
         <file>HAL_PMM.obj</file>
         <name>HAL_PMM.obj</name>
      </input_file>
      <input_file id="fl-6">
         <path>.\HAL\</path>
         <kind>object</kind>
         <file>HAL_PMAP.obj</file>
         <name>HAL_PMAP.obj</name>
      </input_file>
      <input_file id="fl-7">
         <path>.\HAL\</path>
         <kind>object</kind>
         <file>HAL_FLASH.obj</file>
         <name>HAL_FLASH.obj</name>
      </input_file>
      <input_file id="fl-8">
         <path>.\USB\USB_API\USB_CDC_API\</path>
         <kind>object</kind>
         <file>UsbCdc.obj</file>
         <name>UsbCdc.obj</name>
      </input_file>
      <input_file id="fl-9">
         <path>.\USB\USB_API\USB_Common\</path>
         <kind>object</kind>
         <file>usb.obj</file>
         <name>usb.obj</name>
      </input_file>
      <input_file id="fl-a">
         <path>.\USB\USB_API\USB_Common\</path>
         <kind>object</kind>
         <file>dma.obj</file>
         <name>dma.obj</name>
      </input_file>
      <input_file id="fl-b">
         <path>.\USB\USB_API\USB_HID_API\</path>
         <kind>object</kind>
         <file>UsbHidReq.obj</file>
         <name>UsbHidReq.obj</name>
      </input_file>
      <input_file id="fl-c">
         <path>.\USB\USB_API\USB_HID_API\</path>
         <kind>object</kind>
         <file>UsbHid.obj</file>
         <name>UsbHid.obj</name>
      </input_file>
      <input_file id="fl-d">
         <path>.\USB\USB_API\USB_MSC_API\</path>
         <kind>object</kind>
         <file>UsbMscStateMachine.obj</file>
         <name>UsbMscStateMachine.obj</name>
      </input_file>
      <input_file id="fl-e">
         <path>.\USB\USB_API\USB_MSC_API\</path>
         <kind>object</kind>
         <file>UsbMscScsi.obj</file>
         <name>UsbMscScsi.obj</name>
      </input_file>
      <input_file id="fl-f">
         <path>.\USB\USB_API\USB_MSC_API\</path>
         <kind>object</kind>
         <file>UsbMscReq.obj</file>
         <name>UsbMscReq.obj</name>
      </input_file>
      <input_file id="fl-10">
         <path>.\USB\USB_API\USB_PHDC_API\</path>
         <kind>object</kind>
         <file>UsbPHDC.obj</file>
         <name>UsbPHDC.obj</name>
      </input_file>
      <input_file id="fl-11">
         <path>.\USB\USB_User\</path>
         <kind>object</kind>
         <file>usbEventHandling.obj</file>
         <name>usbEventHandling.obj</name>
      </input_file>
      <input_file id="fl-12">
         <path>.\USB\USB_User\</path>
         <kind>object</kind>
         <file>usbConstructs.obj</file>
         <name>usbConstructs.obj</name>
      </input_file>
      <input_file id="fl-13">
         <path>.\USB\USB_config\</path>
         <kind>object</kind>
         <file>descriptors.obj</file>
         <name>descriptors.obj</name>
      </input_file>
      <input_file id="fl-14">
         <path>.\USB\USB_config\</path>
         <kind>object</kind>
         <file>UsbIsr.obj</file>
         <name>UsbIsr.obj</name>
      </input_file>
      <input_file id="fl-15">
         <path>.\</path>
         <kind>object</kind>
         <file>main.obj</file>
         <name>main.obj</name>
      </input_file>
      <input_file id="fl-4a">
         <path>C:\ti\ccsv5\tools\compiler\msp430_4.2.7\lib\</path>
         <kind>archive</kind>
         <file>rts430x_lc_sd_eabi.lib</file>
         <name>boot.obj</name>
      </input_file>
      <input_file id="fl-4b">
         <path>C:\ti\ccsv5\tools\compiler\msp430_4.2.7\lib\</path>
         <kind>archive</kind>
         <file>rts430x_lc_sd_eabi.lib</file>
         <name>copy_decompress_none.obj</name>
      </input_file>
      <input_file id="fl-4c">
         <path>C:\ti\ccsv5\tools\compiler\msp430_4.2.7\lib\</path>
         <kind>archive</kind>
         <file>rts430x_lc_sd_eabi.lib</file>
         <name>copy_decompress_rle.obj</name>
      </input_file>
      <input_file id="fl-4d">
         <path>C:\ti\ccsv5\tools\compiler\msp430_4.2.7\lib\</path>
         <kind>archive</kind>
         <file>rts430x_lc_sd_eabi.lib</file>
         <name>copy_zero_init.obj</name>
      </input_file>
      <input_file id="fl-4e">
         <path>C:\ti\ccsv5\tools\compiler\msp430_4.2.7\lib\</path>
         <kind>archive</kind>
         <file>rts430x_lc_sd_eabi.lib</file>
         <name>cpy_util.obj</name>
      </input_file>
      <input_file id="fl-4f">
         <path>C:\ti\ccsv5\tools\compiler\msp430_4.2.7\lib\</path>
         <kind>archive</kind>
         <file>rts430x_lc_sd_eabi.lib</file>
         <name>exit.obj</name>
      </input_file>
      <input_file id="fl-50">
         <path>C:\ti\ccsv5\tools\compiler\msp430_4.2.7\lib\</path>
         <kind>archive</kind>
         <file>rts430x_lc_sd_eabi.lib</file>
         <name>int41.obj</name>
      </input_file>
      <input_file id="fl-51">
         <path>C:\ti\ccsv5\tools\compiler\msp430_4.2.7\lib\</path>
         <kind>archive</kind>
         <file>rts430x_lc_sd_eabi.lib</file>
         <name>int43.obj</name>
      </input_file>
      <input_file id="fl-52">
         <path>C:\ti\ccsv5\tools\compiler\msp430_4.2.7\lib\</path>
         <kind>archive</kind>
         <file>rts430x_lc_sd_eabi.lib</file>
         <name>int44.obj</name>
      </input_file>
      <input_file id="fl-53">
         <path>C:\ti\ccsv5\tools\compiler\msp430_4.2.7\lib\</path>
         <kind>archive</kind>
         <file>rts430x_lc_sd_eabi.lib</file>
         <name>int46.obj</name>
      </input_file>
      <input_file id="fl-54">
         <path>C:\ti\ccsv5\tools\compiler\msp430_4.2.7\lib\</path>
         <kind>archive</kind>
         <file>rts430x_lc_sd_eabi.lib</file>
         <name>int47.obj</name>
      </input_file>
      <input_file id="fl-55">
         <path>C:\ti\ccsv5\tools\compiler\msp430_4.2.7\lib\</path>
         <kind>archive</kind>
         <file>rts430x_lc_sd_eabi.lib</file>
         <name>int48.obj</name>
      </input_file>
      <input_file id="fl-56">
         <path>C:\ti\ccsv5\tools\compiler\msp430_4.2.7\lib\</path>
         <kind>archive</kind>
         <file>rts430x_lc_sd_eabi.lib</file>
         <name>int50.obj</name>
      </input_file>
      <input_file id="fl-57">
         <path>C:\ti\ccsv5\tools\compiler\msp430_4.2.7\lib\</path>
         <kind>archive</kind>
         <file>rts430x_lc_sd_eabi.lib</file>
         <name>int52.obj</name>
      </input_file>
      <input_file id="fl-58">
         <path>C:\ti\ccsv5\tools\compiler\msp430_4.2.7\lib\</path>
         <kind>archive</kind>
         <file>rts430x_lc_sd_eabi.lib</file>
         <name>int53.obj</name>
      </input_file>
      <input_file id="fl-59">
         <path>C:\ti\ccsv5\tools\compiler\msp430_4.2.7\lib\</path>
         <kind>archive</kind>
         <file>rts430x_lc_sd_eabi.lib</file>
         <name>int54.obj</name>
      </input_file>
      <input_file id="fl-5a">
         <path>C:\ti\ccsv5\tools\compiler\msp430_4.2.7\lib\</path>
         <kind>archive</kind>
         <file>rts430x_lc_sd_eabi.lib</file>
         <name>int55.obj</name>
      </input_file>
      <input_file id="fl-5b">
         <path>C:\ti\ccsv5\tools\compiler\msp430_4.2.7\lib\</path>
         <kind>archive</kind>
         <file>rts430x_lc_sd_eabi.lib</file>
         <name>int56.obj</name>
      </input_file>
      <input_file id="fl-5c">
         <path>C:\ti\ccsv5\tools\compiler\msp430_4.2.7\lib\</path>
         <kind>archive</kind>
         <file>rts430x_lc_sd_eabi.lib</file>
         <name>int57.obj</name>
      </input_file>
      <input_file id="fl-5d">
         <path>C:\ti\ccsv5\tools\compiler\msp430_4.2.7\lib\</path>
         <kind>archive</kind>
         <file>rts430x_lc_sd_eabi.lib</file>
         <name>int58.obj</name>
      </input_file>
      <input_file id="fl-5e">
         <path>C:\ti\ccsv5\tools\compiler\msp430_4.2.7\lib\</path>
         <kind>archive</kind>
         <file>rts430x_lc_sd_eabi.lib</file>
         <name>int59.obj</name>
      </input_file>
      <input_file id="fl-5f">
         <path>C:\ti\ccsv5\tools\compiler\msp430_4.2.7\lib\</path>
         <kind>archive</kind>
         <file>rts430x_lc_sd_eabi.lib</file>
         <name>int60.obj</name>
      </input_file>
      <input_file id="fl-60">
         <path>C:\ti\ccsv5\tools\compiler\msp430_4.2.7\lib\</path>
         <kind>archive</kind>
         <file>rts430x_lc_sd_eabi.lib</file>
         <name>int62.obj</name>
      </input_file>
      <input_file id="fl-61">
         <path>C:\ti\ccsv5\tools\compiler\msp430_4.2.7\lib\</path>
         <kind>archive</kind>
         <file>rts430x_lc_sd_eabi.lib</file>
         <name>isr_trap.obj</name>
      </input_file>
      <input_file id="fl-62">
         <path>C:\ti\ccsv5\tools\compiler\msp430_4.2.7\lib\</path>
         <kind>archive</kind>
         <file>rts430x_lc_sd_eabi.lib</file>
         <name>lsl16.obj</name>
      </input_file>
      <input_file id="fl-63">
         <path>C:\ti\ccsv5\tools\compiler\msp430_4.2.7\lib\</path>
         <kind>archive</kind>
         <file>rts430x_lc_sd_eabi.lib</file>
         <name>lsl32.obj</name>
      </input_file>
      <input_file id="fl-64">
         <path>C:\ti\ccsv5\tools\compiler\msp430_4.2.7\lib\</path>
         <kind>archive</kind>
         <file>rts430x_lc_sd_eabi.lib</file>
         <name>lsr32.obj</name>
      </input_file>
      <input_file id="fl-65">
         <path>C:\ti\ccsv5\tools\compiler\msp430_4.2.7\lib\</path>
         <kind>archive</kind>
         <file>rts430x_lc_sd_eabi.lib</file>
         <name>memset.obj</name>
      </input_file>
      <input_file id="fl-66">
         <path>C:\ti\ccsv5\tools\compiler\msp430_4.2.7\lib\</path>
         <kind>archive</kind>
         <file>rts430x_lc_sd_eabi.lib</file>
         <name>mult16_f5hw.obj</name>
      </input_file>
      <input_file id="fl-67">
         <path>C:\ti\ccsv5\tools\compiler\msp430_4.2.7\lib\</path>
         <kind>archive</kind>
         <file>rts430x_lc_sd_eabi.lib</file>
         <name>pre_init.obj</name>
      </input_file>
      <input_file id="fl-68">
         <path>C:\ti\ccsv5\tools\compiler\msp430_4.2.7\lib\</path>
         <kind>archive</kind>
         <file>rts430x_lc_sd_eabi.lib</file>
         <name>strcat.obj</name>
      </input_file>
      <input_file id="fl-69">
         <path>C:\ti\ccsv5\tools\compiler\msp430_4.2.7\lib\</path>
         <kind>archive</kind>
         <file>rts430x_lc_sd_eabi.lib</file>
         <name>strlen.obj</name>
      </input_file>
      <input_file id="fl-6a">
         <path>C:\ti\ccsv5\tools\compiler\msp430_4.2.7\lib\</path>
         <kind>archive</kind>
         <file>rts430x_lc_sd_eabi.lib</file>
         <name>strncpy.obj</name>
      </input_file>
      <input_file id="fl-6b">
         <path>C:\ti\ccsv5\tools\compiler\msp430_4.2.7\lib\</path>
         <kind>archive</kind>
         <file>rts430x_lc_sd_eabi.lib</file>
         <name>_lock.obj</name>
      </input_file>
      <input_file id="fl-6c">
         <path>C:\ti\ccsv5\tools\compiler\msp430_4.2.7\lib\</path>
         <kind>archive</kind>
         <file>rts430x_lc_sd_eabi.lib</file>
         <name>args_main.obj</name>
      </input_file>
      <input_file id="fl-6d">
         <path>C:\ti\ccsv5\tools\compiler\msp430_4.2.7\lib\</path>
         <kind>archive</kind>
         <file>rts430x_lc_sd_eabi.lib</file>
         <name>autoinit.obj</name>
      </input_file>
   </input_file_list>
   <object_component_list>
      <object_component id="oc-97">
         <name>.stack</name>
         <uninitialized>true</uninitialized>
         <run_address>0x4360</run_address>
         <size>0x2</size>
         <input_file_ref idref="fl-4a"/>
      </object_component>
      <object_component id="oc-646">
         <name>.stack</name>
         <uninitialized>true</uninitialized>
         <run_address>0x4360</run_address>
         <size>0x0</size>
      </object_component>
      <object_component id="oc-be">
         <name>.text:main</name>
         <load_address>0x47d2</load_address>
         <run_address>0x47d2</run_address>
         <size>0x608</size>
         <input_file_ref idref="fl-15"/>
      </object_component>
      <object_component id="oc-2e8">
         <name>.text:USBCDC_receiveData</name>
         <load_address>0x4dda</load_address>
         <run_address>0x4dda</run_address>
         <size>0x2ca</size>
         <input_file_ref idref="fl-8"/>
      </object_component>
      <object_component id="oc-261">
         <name>.text:CdcToHostFromBuffer</name>
         <load_address>0x50a4</load_address>
         <run_address>0x50a4</run_address>
         <size>0x274</size>
         <input_file_ref idref="fl-8"/>
      </object_component>
      <object_component id="oc-2b2">
         <name>.text:AFE44xx_Default_Reg_Init</name>
         <load_address>0x5318</load_address>
         <run_address>0x5318</run_address>
         <size>0x1f4</size>
         <input_file_ref idref="fl-2"/>
      </object_component>
      <object_component id="oc-239">
         <name>.text:USB_reset</name>
         <load_address>0x550c</load_address>
         <run_address>0x550c</run_address>
         <size>0x186</size>
         <input_file_ref idref="fl-9"/>
      </object_component>
      <object_component id="oc-219">
         <name>.text:CdcToBufferFromHost</name>
         <load_address>0x5692</load_address>
         <run_address>0x5692</run_address>
         <size>0x16c</size>
         <input_file_ref idref="fl-8"/>
      </object_component>
      <object_component id="oc-14d">
         <name>.text:retInString</name>
         <load_address>0x57fe</load_address>
         <run_address>0x57fe</run_address>
         <size>0x120</size>
         <input_file_ref idref="fl-15"/>
      </object_component>
      <object_component id="oc-3cc">
         <name>.text:Init_FLL</name>
         <load_address>0x591e</load_address>
         <run_address>0x591e</run_address>
         <size>0xe8</size>
         <input_file_ref idref="fl-3"/>
      </object_component>
      <object_component id="oc-2c1">
         <name>.text:USB_InitSerialStringDescriptor</name>
         <load_address>0x5a06</load_address>
         <run_address>0x5a06</run_address>
         <size>0xdc</size>
         <input_file_ref idref="fl-9"/>
      </object_component>
      <object_component id="oc-ea">
         <name>.text:__TI_decompress_rle_core</name>
         <load_address>0x5ae2</load_address>
         <run_address>0x5ae2</run_address>
         <size>0xd8</size>
         <input_file_ref idref="fl-4c"/>
      </object_component>
      <object_component id="oc-287">
         <name>.text:SetVCoreUp</name>
         <load_address>0x5bba</load_address>
         <run_address>0x5bba</run_address>
         <size>0xd4</size>
         <input_file_ref idref="fl-5"/>
      </object_component>
      <object_component id="oc-303">
         <name>.text:USBCDC_intfStatus</name>
         <load_address>0x5c8e</load_address>
         <run_address>0x5c8e</run_address>
         <size>0xb2</size>
         <input_file_ref idref="fl-8"/>
      </object_component>
      <object_component id="oc-351">
         <name>.text:CopyUsbToBuff</name>
         <load_address>0x5d40</load_address>
         <run_address>0x5d40</run_address>
         <size>0x9a</size>
         <input_file_ref idref="fl-8"/>
      </object_component>
      <object_component id="oc-28d">
         <name>.text:SetVCoreDown</name>
         <load_address>0x5dda</load_address>
         <run_address>0x5dda</run_address>
         <size>0x9a</size>
         <input_file_ref idref="fl-5"/>
      </object_component>
      <object_component id="oc-309">
         <name>.text:USBCDC_sendData</name>
         <load_address>0x5e74</load_address>
         <run_address>0x5e74</run_address>
         <size>0x98</size>
         <input_file_ref idref="fl-8"/>
      </object_component>
      <object_component id="oc-20a">
         <name>.text:USBCDC_bytesInUSBBuffer</name>
         <load_address>0x5f0c</load_address>
         <run_address>0x5f0c</run_address>
         <size>0x96</size>
         <input_file_ref idref="fl-8"/>
      </object_component>
      <object_component id="oc-1f1">
         <name>.text:USB_connectionState</name>
         <load_address>0x5fa2</load_address>
         <run_address>0x5fa2</run_address>
         <size>0x96</size>
         <input_file_ref idref="fl-9"/>
      </object_component>
      <object_component id="oc-325">
         <name>.text:usbDecodeAndProcessUsbRequest</name>
         <load_address>0x6038</load_address>
         <run_address>0x6038</run_address>
         <size>0x92</size>
         <input_file_ref idref="fl-9"/>
      </object_component>
      <object_component id="oc-527">
         <name>.text:usbGetEndpointStatus</name>
         <load_address>0x60ca</load_address>
         <run_address>0x60ca</run_address>
         <size>0x8e</size>
         <input_file_ref idref="fl-9"/>
      </object_component>
      <object_component id="oc-2d4">
         <name>.text:USB_enable</name>
         <load_address>0x6158</load_address>
         <run_address>0x6158</run_address>
         <size>0x8a</size>
         <input_file_ref idref="fl-9"/>
      </object_component>
      <object_component id="oc-4df">
         <name>.text:usbGetLineCoding</name>
         <load_address>0x61e2</load_address>
         <run_address>0x61e2</run_address>
         <size>0x76</size>
         <input_file_ref idref="fl-8"/>
      </object_component>
      <object_component id="oc-1eb">
         <name>.text:cdcSendDataWaitTilDone</name>
         <load_address>0x6258</load_address>
         <run_address>0x6258</run_address>
         <size>0x72</size>
         <input_file_ref idref="fl-12"/>
      </object_component>
      <object_component id="oc-b8">
         <name>.text:_auto_init</name>
         <load_address>0x62ca</load_address>
         <run_address>0x62ca</run_address>
         <size>0x70</size>
         <input_file_ref idref="fl-6d"/>
      </object_component>
      <object_component id="oc-11a">
         <name>.text:AFE44xx_PowerOn_Init</name>
         <load_address>0x633a</load_address>
         <run_address>0x633a</run_address>
         <size>0x6e</size>
         <input_file_ref idref="fl-2"/>
      </object_component>
      <object_component id="oc-3c3">
         <name>.text:usbSendNextPacketOnIEP0</name>
         <load_address>0x63a8</load_address>
         <run_address>0x63a8</run_address>
         <size>0x6c</size>
         <input_file_ref idref="fl-9"/>
      </object_component>
      <object_component id="oc-156">
         <name>.text:cdcSendDataInBackground</name>
         <load_address>0x6414</load_address>
         <run_address>0x6414</run_address>
         <size>0x6a</size>
         <input_file_ref idref="fl-12"/>
      </object_component>
      <object_component id="oc-199">
         <name>.text:AFE44x0_Reg_Read</name>
         <load_address>0x647e</load_address>
         <run_address>0x647e</run_address>
         <size>0x68</size>
         <input_file_ref idref="fl-2"/>
      </object_component>
      <object_component id="oc-120">
         <name>.text:USB_init</name>
         <load_address>0x64e6</load_address>
         <run_address>0x64e6</run_address>
         <size>0x66</size>
         <input_file_ref idref="fl-9"/>
      </object_component>
      <object_component id="oc-3b4">
         <name>.text:usbReceiveNextPacketOnOEP0</name>
         <load_address>0x654c</load_address>
         <run_address>0x654c</run_address>
         <size>0x50</size>
         <input_file_ref idref="fl-9"/>
      </object_component>
      <object_component id="oc-1b0">
         <name>.text:AFE44x0_Reg_Write</name>
         <load_address>0x659c</load_address>
         <run_address>0x659c</run_address>
         <size>0x4c</size>
         <input_file_ref idref="fl-2"/>
      </object_component>
      <object_component id="oc-3eb">
         <name>.text:Get_TLV_Info</name>
         <load_address>0x65e8</load_address>
         <run_address>0x65e8</run_address>
         <size>0x4a</size>
         <input_file_ref idref="fl-4"/>
      </object_component>
      <object_component id="oc-3bb">
         <name>.text:Handler_SetLineCoding</name>
         <load_address>0x6632</load_address>
         <run_address>0x6632</run_address>
         <size>0x4a</size>
         <input_file_ref idref="fl-8"/>
      </object_component>
      <object_component id="oc-246">
         <name>.text:PWRVBUSoffHandler</name>
         <load_address>0x667c</load_address>
         <run_address>0x667c</run_address>
         <size>0x48</size>
         <input_file_ref idref="fl-14"/>
      </object_component>
      <object_component id="oc-1fe">
         <name>.text:SetupPacketInterruptHandler</name>
         <load_address>0x66c4</load_address>
         <run_address>0x66c4</run_address>
         <size>0x48</size>
         <input_file_ref idref="fl-14"/>
      </object_component>
      <object_component id="oc-539">
         <name>.text:usbSetEndpointFeature</name>
         <load_address>0x670c</load_address>
         <run_address>0x670c</run_address>
         <size>0x48</size>
         <input_file_ref idref="fl-9"/>
      </object_component>
      <object_component id="oc-50f">
         <name>.text:usbGetStringDescriptor</name>
         <load_address>0x6754</load_address>
         <run_address>0x6754</run_address>
         <size>0x46</size>
         <input_file_ref idref="fl-9"/>
      </object_component>
      <object_component id="oc-1b6">
         <name>.text:Disable_AFE44x0_SPI_Read</name>
         <load_address>0x679a</load_address>
         <run_address>0x679a</run_address>
         <size>0x42</size>
         <input_file_ref idref="fl-2"/>
      </object_component>
      <object_component id="oc-192">
         <name>.text:Enable_AFE44x0_SPI_Read</name>
         <load_address>0x67dc</load_address>
         <run_address>0x67dc</run_address>
         <size>0x42</size>
         <input_file_ref idref="fl-2"/>
      </object_component>
      <object_component id="oc-108">
         <name>.text:Init_Ports</name>
         <load_address>0x681e</load_address>
         <run_address>0x681e</run_address>
         <size>0x42</size>
         <input_file_ref idref="fl-15"/>
      </object_component>
      <object_component id="oc-10e">
         <name>.text:SetVCore</name>
         <load_address>0x6860</load_address>
         <run_address>0x6860</run_address>
         <size>0x40</size>
         <input_file_ref idref="fl-5"/>
      </object_component>
      <object_component id="oc-d7">
         <name>.text:__memcpy_far</name>
         <load_address>0x68a0</load_address>
         <run_address>0x68a0</run_address>
         <size>0x40</size>
         <input_file_ref idref="fl-4e"/>
      </object_component>
      <object_component id="oc-4f7">
         <name>.text:usbClearEndpointFeature</name>
         <load_address>0x68e0</load_address>
         <run_address>0x68e0</run_address>
         <size>0x40</size>
         <input_file_ref idref="fl-9"/>
      </object_component>
      <object_component id="oc-374">
         <name>.text:CdcResetData</name>
         <load_address>0x6920</load_address>
         <run_address>0x6920</run_address>
         <size>0x3e</size>
         <input_file_ref idref="fl-8"/>
      </object_component>
      <object_component id="oc-13e">
         <name>.text:cdcReceiveDataInBuffer</name>
         <load_address>0x695e</load_address>
         <run_address>0x695e</run_address>
         <size>0x3e</size>
         <input_file_ref idref="fl-12"/>
      </object_component>
      <object_component id="oc-8b">
         <name>.text:decompress:ZI:__TI_zero_init</name>
         <load_address>0x699c</load_address>
         <run_address>0x699c</run_address>
         <size>0x3e</size>
         <input_file_ref idref="fl-4d"/>
      </object_component>
      <object_component id="oc-174">
         <name>.text:l_lsl_const</name>
         <load_address>0x69da</load_address>
         <run_address>0x69da</run_address>
         <size>0x3e</size>
         <input_file_ref idref="fl-63"/>
      </object_component>
      <object_component id="oc-1a4">
         <name>.text:l_lsr_const</name>
         <load_address>0x6a18</load_address>
         <run_address>0x6a18</run_address>
         <size>0x3e</size>
         <input_file_ref idref="fl-64"/>
      </object_component>
      <object_component id="oc-114">
         <name>.text:Init_Clock</name>
         <load_address>0x6a56</load_address>
         <run_address>0x6a56</run_address>
         <size>0x3c</size>
         <input_file_ref idref="fl-15"/>
      </object_component>
      <object_component id="oc-85">
         <name>.text:decompress:none:__TI_decompress_none</name>
         <load_address>0x6a92</load_address>
         <run_address>0x6a92</run_address>
         <size>0x3c</size>
         <input_file_ref idref="fl-4b"/>
      </object_component>
      <object_component id="oc-3d5">
         <name>.text:Set_GPIO</name>
         <load_address>0x6ace</load_address>
         <run_address>0x6ace</run_address>
         <size>0x3a</size>
         <input_file_ref idref="fl-2"/>
      </object_component>
      <object_component id="oc-16d">
         <name>.text:ascii2uint8</name>
         <load_address>0x6b08</load_address>
         <run_address>0x6b08</run_address>
         <size>0x3a</size>
         <input_file_ref idref="fl-15"/>
      </object_component>
      <object_component id="oc-267">
         <name>.text:OEP0InterruptHandler</name>
         <load_address>0x6b42</load_address>
         <run_address>0x6b42</run_address>
         <size>0x38</size>
         <input_file_ref idref="fl-14"/>
      </object_component>
      <object_component id="oc-2c7">
         <name>.text:USB_initMemcpy</name>
         <load_address>0x6b7a</load_address>
         <run_address>0x6b7a</run_address>
         <size>0x38</size>
         <input_file_ref idref="fl-a"/>
      </object_component>
      <object_component id="oc-299">
         <name>.text:Init_FLL_Settle</name>
         <load_address>0x6bb2</load_address>
         <run_address>0x6bb2</run_address>
         <size>0x36</size>
         <input_file_ref idref="fl-3"/>
      </object_component>
      <object_component id="oc-253">
         <name>.text:PWRVBUSonHandler</name>
         <load_address>0x6be8</load_address>
         <run_address>0x6be8</run_address>
         <size>0x36</size>
         <input_file_ref idref="fl-14"/>
      </object_component>
      <object_component id="oc-3db">
         <name>.text:Set_UCB1_SPI</name>
         <load_address>0x6c1e</load_address>
         <run_address>0x6c1e</run_address>
         <size>0x36</size>
         <input_file_ref idref="fl-2"/>
      </object_component>
      <object_component id="oc-22c">
         <name>.text:USB_suspend</name>
         <load_address>0x6c54</load_address>
         <run_address>0x6c54</run_address>
         <size>0x32</size>
         <input_file_ref idref="fl-9"/>
      </object_component>
      <object_component id="oc-12c">
         <name>.text:USB_connectionInfo</name>
         <load_address>0x6c86</load_address>
         <run_address>0x6c86</run_address>
         <size>0x30</size>
         <input_file_ref idref="fl-9"/>
      </object_component>
      <object_component id="oc-29f">
         <name>.text:XT2_Start</name>
         <load_address>0x6cb6</load_address>
         <run_address>0x6cb6</run_address>
         <size>0x30</size>
         <input_file_ref idref="fl-3"/>
      </object_component>
      <object_component id="oc-404">
         <name>.text:memcpyDMA0</name>
         <load_address>0x6ce6</load_address>
         <run_address>0x6ce6</run_address>
         <size>0x30</size>
         <input_file_ref idref="fl-a"/>
      </object_component>
      <object_component id="oc-2fa">
         <name>.text:strncpy</name>
         <load_address>0x6d16</load_address>
         <run_address>0x6d16</run_address>
         <size>0x2c</size>
         <input_file_ref idref="fl-6a"/>
      </object_component>
      <object_component id="oc-51b">
         <name>.text:usbGetDeviceStatus</name>
         <load_address>0x6d42</load_address>
         <run_address>0x6d42</run_address>
         <size>0x2a</size>
         <input_file_ref idref="fl-9"/>
      </object_component>
      <object_component id="oc-15c">
         <name>.text:USB_disable</name>
         <load_address>0x6d6c</load_address>
         <run_address>0x6d6c</run_address>
         <size>0x22</size>
         <input_file_ref idref="fl-9"/>
      </object_component>
      <object_component id="oc-3fc">
         <name>.text:memcpyV</name>
         <load_address>0x6d8e</load_address>
         <run_address>0x6d8e</run_address>
         <size>0x22</size>
         <input_file_ref idref="fl-a"/>
      </object_component>
      <object_component id="oc-573">
         <name>.text:usbSendDataPacketOnEP0</name>
         <load_address>0x6db0</load_address>
         <run_address>0x6db0</run_address>
         <size>0x22</size>
         <input_file_ref idref="fl-9"/>
      </object_component>
      <object_component id="oc-45f">
         <name>.text:usbSetAddress</name>
         <load_address>0x6dd2</load_address>
         <run_address>0x6dd2</run_address>
         <size>0x20</size>
         <input_file_ref idref="fl-9"/>
      </object_component>
      <object_component id="oc-52d">
         <name>.text:usbSetConfiguration</name>
         <load_address>0x6df2</load_address>
         <run_address>0x6df2</run_address>
         <size>0x20</size>
         <input_file_ref idref="fl-9"/>
      </object_component>
      <object_component id="oc-515">
         <name>.text:usbGetInterface</name>
         <load_address>0x6e12</load_address>
         <run_address>0x6e12</run_address>
         <size>0x1e</size>
         <input_file_ref idref="fl-9"/>
      </object_component>
      <object_component id="oc-521">
         <name>.text:usbGetInterfaceStatus</name>
         <load_address>0x6e30</load_address>
         <run_address>0x6e30</run_address>
         <size>0x1e</size>
         <input_file_ref idref="fl-9"/>
      </object_component>
      <object_component id="oc-26d">
         <name>.text:IEP0InterruptHandler</name>
         <load_address>0x6e4e</load_address>
         <run_address>0x6e4e</run_address>
         <size>0x1c</size>
         <input_file_ref idref="fl-14"/>
      </object_component>
      <object_component id="oc-2ac">
         <name>.text:Init_AFE44xx_DRDY_Interrupt</name>
         <load_address>0x6e6a</load_address>
         <run_address>0x6e6a</run_address>
         <size>0x1a</size>
         <input_file_ref idref="fl-2"/>
      </object_component>
      <object_component id="oc-2da">
         <name>.text:USB_connect</name>
         <load_address>0x6e84</load_address>
         <run_address>0x6e84</run_address>
         <size>0x1a</size>
         <input_file_ref idref="fl-9"/>
      </object_component>
      <object_component id="oc-147">
         <name>.text:strcat</name>
         <load_address>0x6e9e</load_address>
         <run_address>0x6e9e</run_address>
         <size>0x1a</size>
         <input_file_ref idref="fl-68"/>
      </object_component>
      <object_component id="oc-21f">
         <name>.text:USB_resume</name>
         <load_address>0x6eb8</load_address>
         <run_address>0x6eb8</run_address>
         <size>0x18</size>
         <input_file_ref idref="fl-9"/>
      </object_component>
      <object_component id="oc-4f1">
         <name>.text:usbClearDeviceFeature</name>
         <load_address>0x6ed0</load_address>
         <run_address>0x6ed0</run_address>
         <size>0x18</size>
         <input_file_ref idref="fl-9"/>
      </object_component>
      <object_component id="oc-533">
         <name>.text:usbSetDeviceFeature</name>
         <load_address>0x6ee8</load_address>
         <run_address>0x6ee8</run_address>
         <size>0x18</size>
         <input_file_ref idref="fl-9"/>
      </object_component>
      <object_component id="oc-387">
         <name>.text</name>
         <load_address>0x6f00</load_address>
         <run_address>0x6f00</run_address>
         <size>0x16</size>
         <input_file_ref idref="fl-66"/>
      </object_component>
      <object_component id="oc-509">
         <name>.text:usbGetConfigurationDescriptor</name>
         <load_address>0x6f16</load_address>
         <run_address>0x6f16</run_address>
         <size>0x16</size>
         <input_file_ref idref="fl-9"/>
      </object_component>
      <object_component id="oc-503">
         <name>.text:usbGetDeviceDescriptor</name>
         <load_address>0x6f2c</load_address>
         <run_address>0x6f2c</run_address>
         <size>0x16</size>
         <input_file_ref idref="fl-9"/>
      </object_component>
      <object_component id="oc-132">
         <name>.text:USB_handleVbusOnEvent</name>
         <load_address>0x6f42</load_address>
         <run_address>0x6f42</run_address>
         <size>0x14</size>
         <input_file_ref idref="fl-11"/>
      </object_component>
      <object_component id="oc-138">
         <name>.text:memset</name>
         <load_address>0x6f56</load_address>
         <run_address>0x6f56</run_address>
         <size>0x14</size>
         <input_file_ref idref="fl-65"/>
      </object_component>
      <object_component id="oc-4fd">
         <name>.text:usbGetConfiguration</name>
         <load_address>0x6f6a</load_address>
         <run_address>0x6f6a</run_address>
         <size>0x14</size>
         <input_file_ref idref="fl-9"/>
      </object_component>
      <object_component id="oc-57b">
         <name>.text:usbReceiveDataPacketOnEP0</name>
         <load_address>0x6f7e</load_address>
         <run_address>0x6f7e</run_address>
         <size>0x14</size>
         <input_file_ref idref="fl-9"/>
      </object_component>
      <object_component id="oc-4eb">
         <name>.text:usbSetControlLineState</name>
         <load_address>0x6f92</load_address>
         <run_address>0x6f92</run_address>
         <size>0x14</size>
         <input_file_ref idref="fl-8"/>
      </object_component>
      <object_component id="oc-204">
         <name>.text:CdcIsReceiveInProgress</name>
         <load_address>0x6fa6</load_address>
         <run_address>0x6fa6</run_address>
         <size>0x12</size>
         <input_file_ref idref="fl-8"/>
      </object_component>
      <object_component id="oc-53f">
         <name>.text:usbSetInterface</name>
         <load_address>0x6fb8</load_address>
         <run_address>0x6fb8</run_address>
         <size>0x12</size>
         <input_file_ref idref="fl-9"/>
      </object_component>
      <object_component id="oc-91">
         <name>.text:decompress:rle24:__TI_decompress_rle24</name>
         <load_address>0x6fca</load_address>
         <run_address>0x6fca</run_address>
         <size>0xe</size>
         <input_file_ref idref="fl-4c"/>
      </object_component>
      <object_component id="oc-2f4">
         <name>.text:strlen</name>
         <load_address>0x6fd8</load_address>
         <run_address>0x6fd8</run_address>
         <size>0xe</size>
         <input_file_ref idref="fl-69"/>
      </object_component>
      <object_component id="oc-545">
         <name>.text:usbInvalidRequest</name>
         <load_address>0x6fe6</load_address>
         <run_address>0x6fe6</run_address>
         <size>0xe</size>
         <input_file_ref idref="fl-9"/>
      </object_component>
      <object_component id="oc-553">
         <name>.text:usbSendZeroLengthPacketOnIEP0</name>
         <load_address>0x6ff4</load_address>
         <run_address>0x6ff4</run_address>
         <size>0xe</size>
         <input_file_ref idref="fl-9"/>
      </object_component>
      <object_component id="oc-4e5">
         <name>.text:usbSetLineCoding</name>
         <load_address>0x7002</load_address>
         <run_address>0x7002</run_address>
         <size>0xc</size>
         <input_file_ref idref="fl-8"/>
      </object_component>
      <object_component id="oc-162">
         <name>.text:Disable_AFE44xx_DRDY_Interrupt</name>
         <load_address>0x700e</load_address>
         <run_address>0x700e</run_address>
         <size>0xa</size>
         <input_file_ref idref="fl-2"/>
      </object_component>
      <object_component id="oc-183">
         <name>.text:Enable_AFE44xx_DRDY_Interrupt</name>
         <load_address>0x7018</load_address>
         <run_address>0x7018</run_address>
         <size>0xa</size>
         <input_file_ref idref="fl-2"/>
      </object_component>
      <object_component id="oc-2a6">
         <name>.text:Init_AFE44xx_Resource</name>
         <load_address>0x7022</load_address>
         <run_address>0x7022</run_address>
         <size>0xa</size>
         <input_file_ref idref="fl-2"/>
      </object_component>
      <object_component id="oc-456">
         <name>.text</name>
         <load_address>0x702c</load_address>
         <run_address>0x702c</run_address>
         <size>0xa</size>
         <input_file_ref idref="fl-62"/>
      </object_component>
      <object_component id="oc-54d">
         <name>.text:usbStallEndpoint0</name>
         <load_address>0x7036</load_address>
         <run_address>0x7036</run_address>
         <size>0xa</size>
         <input_file_ref idref="fl-9"/>
      </object_component>
      <object_component id="oc-213">
         <name>.text:USBCDC_handleDataReceived</name>
         <load_address>0x7040</load_address>
         <run_address>0x7040</run_address>
         <size>0x8</size>
         <input_file_ref idref="fl-11"/>
      </object_component>
      <object_component id="oc-24d">
         <name>.text:USB_handleVbusOffEvent</name>
         <load_address>0x7048</load_address>
         <run_address>0x7048</run_address>
         <size>0x8</size>
         <input_file_ref idref="fl-11"/>
      </object_component>
      <object_component id="oc-126">
         <name>.text:USB_setEnabledEvents</name>
         <load_address>0x7050</load_address>
         <run_address>0x7050</run_address>
         <size>0x8</size>
         <input_file_ref idref="fl-9"/>
      </object_component>
      <object_component id="oc-37e">
         <name>.text:XT2_Stop</name>
         <load_address>0x7058</load_address>
         <run_address>0x7058</run_address>
         <size>0x8</size>
         <input_file_ref idref="fl-3"/>
      </object_component>
      <object_component id="oc-2ba">
         <name>.text:USB_getVersion</name>
         <load_address>0x7060</load_address>
         <run_address>0x7060</run_address>
         <size>0x6</size>
         <input_file_ref idref="fl-9"/>
      </object_component>
      <object_component id="oc-9b">
         <name>.text:__TI_ISR_TRAP</name>
         <load_address>0x7066</load_address>
         <run_address>0x7066</run_address>
         <size>0x6</size>
         <input_file_ref idref="fl-61"/>
      </object_component>
      <object_component id="oc-4a8">
         <name>.text:usbClearOEP0ByteCount</name>
         <load_address>0x706c</load_address>
         <run_address>0x706c</run_address>
         <size>0x6</size>
         <input_file_ref idref="fl-9"/>
      </object_component>
      <object_component id="oc-49d">
         <name>.text:usbStallOEP0</name>
         <load_address>0x7072</load_address>
         <run_address>0x7072</run_address>
         <size>0x6</size>
         <input_file_ref idref="fl-9"/>
      </object_component>
      <object_component id="oc-361">
         <name>.text:USBCDC_handleReceiveCompleted</name>
         <load_address>0x7078</load_address>
         <run_address>0x7078</run_address>
         <size>0x4</size>
         <input_file_ref idref="fl-11"/>
      </object_component>
      <object_component id="oc-395">
         <name>.text:USBCDC_handleSendCompleted</name>
         <load_address>0x707c</load_address>
         <run_address>0x707c</run_address>
         <size>0x4</size>
         <input_file_ref idref="fl-11"/>
      </object_component>
      <object_component id="oc-582">
         <name>.text:USBCDC_handleSetControlLineState</name>
         <load_address>0x7080</load_address>
         <run_address>0x7080</run_address>
         <size>0x4</size>
         <input_file_ref idref="fl-11"/>
      </object_component>
      <object_component id="oc-4b8">
         <name>.text:USBCDC_handleSetLineCoding</name>
         <load_address>0x7084</load_address>
         <run_address>0x7084</run_address>
         <size>0x4</size>
         <input_file_ref idref="fl-11"/>
      </object_component>
      <object_component id="oc-25b">
         <name>.text:USB_handleClockEvent</name>
         <load_address>0x7088</load_address>
         <run_address>0x7088</run_address>
         <size>0x4</size>
         <input_file_ref idref="fl-11"/>
      </object_component>
      <object_component id="oc-465">
         <name>.text:USB_handleEnumCompleteEvent</name>
         <load_address>0x708c</load_address>
         <run_address>0x708c</run_address>
         <size>0x4</size>
         <input_file_ref idref="fl-11"/>
      </object_component>
      <object_component id="oc-240">
         <name>.text:USB_handleResetEvent</name>
         <load_address>0x7090</load_address>
         <run_address>0x7090</run_address>
         <size>0x4</size>
         <input_file_ref idref="fl-11"/>
      </object_component>
      <object_component id="oc-226">
         <name>.text:USB_handleResumeEvent</name>
         <load_address>0x7094</load_address>
         <run_address>0x7094</run_address>
         <size>0x4</size>
         <input_file_ref idref="fl-11"/>
      </object_component>
      <object_component id="oc-233">
         <name>.text:USB_handleSuspendEvent</name>
         <load_address>0x7098</load_address>
         <run_address>0x7098</run_address>
         <size>0x4</size>
         <input_file_ref idref="fl-11"/>
      </object_component>
      <object_component id="oc-b2">
         <name>.text:_system_pre_init</name>
         <load_address>0x709c</load_address>
         <run_address>0x709c</run_address>
         <size>0x4</size>
         <input_file_ref idref="fl-67"/>
      </object_component>
      <object_component id="oc-c4">
         <name>.text:abort</name>
         <load_address>0x70a0</load_address>
         <run_address>0x70a0</run_address>
         <size>0x4</size>
         <input_file_ref idref="fl-4f"/>
      </object_component>
      <object_component id="oc-cb">
         <name>.text:_isr:iUsbInterruptHandler</name>
         <load_address>0x4626</load_address>
         <run_address>0x4626</run_address>
         <size>0x138</size>
         <input_file_ref idref="fl-14"/>
      </object_component>
      <object_component id="oc-d1">
         <name>.text:_isr:UNMI_ISR</name>
         <load_address>0x475e</load_address>
         <run_address>0x475e</run_address>
         <size>0x3e</size>
         <input_file_ref idref="fl-15"/>
      </object_component>
      <object_component id="oc-72">
         <name>.text:_isr:_c_int00_noexit</name>
         <load_address>0x479c</load_address>
         <run_address>0x479c</run_address>
         <size>0x1a</size>
         <input_file_ref idref="fl-4a"/>
      </object_component>
      <object_component id="oc-a0">
         <name>.text:_isr:Port_2</name>
         <load_address>0x47b6</load_address>
         <run_address>0x47b6</run_address>
         <size>0x10</size>
         <input_file_ref idref="fl-15"/>
      </object_component>
      <object_component id="oc-a6">
         <name>.text:_isr:USCI_B1_ISR</name>
         <load_address>0x47c6</load_address>
         <run_address>0x47c6</run_address>
         <size>0xa</size>
         <input_file_ref idref="fl-2"/>
      </object_component>
      <object_component id="oc-ac">
         <name>.text:_isr:TIMER1_A0_ISR</name>
         <load_address>0x47d0</load_address>
         <run_address>0x47d0</run_address>
         <size>0x2</size>
         <input_file_ref idref="fl-15"/>
      </object_component>
      <object_component id="oc-645">
         <name>.cinit..data.load</name>
         <load_address>0x70a4</load_address>
         <run_address>0x70a4</run_address>
         <size>0x93</size>
      </object_component>
      <object_component id="oc-642">
         <name>__TI_handler_table</name>
         <load_address>0x7138</load_address>
         <run_address>0x7138</run_address>
         <size>0xc</size>
      </object_component>
      <object_component id="oc-644">
         <name>.cinit..bss.load</name>
         <load_address>0x7144</load_address>
         <run_address>0x7144</run_address>
         <size>0x6</size>
      </object_component>
      <object_component id="oc-643">
         <name>__TI_cinit_table</name>
         <load_address>0x714a</load_address>
         <run_address>0x714a</run_address>
         <size>0x10</size>
      </object_component>
      <object_component id="oc-45c">
         <name>.const:tUsbRequestList</name>
         <load_address>0x4400</load_address>
         <run_address>0x4400</run_address>
         <size>0x10a</size>
         <input_file_ref idref="fl-13"/>
      </object_component>
      <object_component id="oc-599">
         <name>.const:.string:abromStringDescriptor</name>
         <load_address>0x450a</load_address>
         <run_address>0x450a</run_address>
         <size>0x96</size>
         <input_file_ref idref="fl-13"/>
      </object_component>
      <object_component id="oc-595">
         <name>.const</name>
         <load_address>0x45a0</load_address>
         <run_address>0x45a0</run_address>
         <size>0x43</size>
         <input_file_ref idref="fl-13"/>
      </object_component>
      <object_component id="oc-40d">
         <name>.const:.string</name>
         <load_address>0x45e4</load_address>
         <run_address>0x45e4</run_address>
         <size>0x20</size>
         <input_file_ref idref="fl-9"/>
      </object_component>
      <object_component id="oc-590">
         <name>.const:.string:abromDeviceDescriptor</name>
         <load_address>0x4604</load_address>
         <run_address>0x4604</run_address>
         <size>0x12</size>
         <input_file_ref idref="fl-13"/>
      </object_component>
      <object_component id="oc-330">
         <name>.const:stUsbHandle</name>
         <load_address>0x4616</load_address>
         <run_address>0x4616</run_address>
         <size>0x10</size>
         <input_file_ref idref="fl-13"/>
      </object_component>
      <object_component id="oc-69">
         <name>.int41</name>
         <load_address>0xffd2</load_address>
         <run_address>0xffd2</run_address>
         <size>0x2</size>
         <input_file_ref idref="fl-50"/>
      </object_component>
      <object_component id="oc-6a">
         <name>.int42</name>
         <load_address>0xffd4</load_address>
         <run_address>0xffd4</run_address>
         <size>0x2</size>
         <input_file_ref idref="fl-15"/>
      </object_component>
      <object_component id="oc-6b">
         <name>.int43</name>
         <load_address>0xffd6</load_address>
         <run_address>0xffd6</run_address>
         <size>0x2</size>
         <input_file_ref idref="fl-51"/>
      </object_component>
      <object_component id="oc-6c">
         <name>.int44</name>
         <load_address>0xffd8</load_address>
         <run_address>0xffd8</run_address>
         <size>0x2</size>
         <input_file_ref idref="fl-52"/>
      </object_component>
      <object_component id="oc-6d">
         <name>.int45</name>
         <load_address>0xffda</load_address>
         <run_address>0xffda</run_address>
         <size>0x2</size>
         <input_file_ref idref="fl-2"/>
      </object_component>
      <object_component id="oc-6e">
         <name>.int46</name>
         <load_address>0xffdc</load_address>
         <run_address>0xffdc</run_address>
         <size>0x2</size>
         <input_file_ref idref="fl-53"/>
      </object_component>
      <object_component id="oc-6f">
         <name>.int47</name>
         <load_address>0xffde</load_address>
         <run_address>0xffde</run_address>
         <size>0x2</size>
         <input_file_ref idref="fl-54"/>
      </object_component>
      <object_component id="oc-70">
         <name>.int48</name>
         <load_address>0xffe0</load_address>
         <run_address>0xffe0</run_address>
         <size>0x2</size>
         <input_file_ref idref="fl-55"/>
      </object_component>
      <object_component id="oc-71">
         <name>.int49</name>
         <load_address>0xffe2</load_address>
         <run_address>0xffe2</run_address>
         <size>0x2</size>
         <input_file_ref idref="fl-15"/>
      </object_component>
      <object_component id="oc-78">
         <name>.int50</name>
         <load_address>0xffe4</load_address>
         <run_address>0xffe4</run_address>
         <size>0x2</size>
         <input_file_ref idref="fl-56"/>
      </object_component>
      <object_component id="oc-79">
         <name>.int51</name>
         <load_address>0xffe6</load_address>
         <run_address>0xffe6</run_address>
         <size>0x2</size>
         <input_file_ref idref="fl-14"/>
      </object_component>
      <object_component id="oc-7a">
         <name>.int52</name>
         <load_address>0xffe8</load_address>
         <run_address>0xffe8</run_address>
         <size>0x2</size>
         <input_file_ref idref="fl-57"/>
      </object_component>
      <object_component id="oc-7b">
         <name>.int53</name>
         <load_address>0xffea</load_address>
         <run_address>0xffea</run_address>
         <size>0x2</size>
         <input_file_ref idref="fl-58"/>
      </object_component>
      <object_component id="oc-7c">
         <name>.int54</name>
         <load_address>0xffec</load_address>
         <run_address>0xffec</run_address>
         <size>0x2</size>
         <input_file_ref idref="fl-59"/>
      </object_component>
      <object_component id="oc-7d">
         <name>.int55</name>
         <load_address>0xffee</load_address>
         <run_address>0xffee</run_address>
         <size>0x2</size>
         <input_file_ref idref="fl-5a"/>
      </object_component>
      <object_component id="oc-7e">
         <name>.int56</name>
         <load_address>0xfff0</load_address>
         <run_address>0xfff0</run_address>
         <size>0x2</size>
         <input_file_ref idref="fl-5b"/>
      </object_component>
      <object_component id="oc-7f">
         <name>.int57</name>
         <load_address>0xfff2</load_address>
         <run_address>0xfff2</run_address>
         <size>0x2</size>
         <input_file_ref idref="fl-5c"/>
      </object_component>
      <object_component id="oc-80">
         <name>.int58</name>
         <load_address>0xfff4</load_address>
         <run_address>0xfff4</run_address>
         <size>0x2</size>
         <input_file_ref idref="fl-5d"/>
      </object_component>
      <object_component id="oc-81">
         <name>.int59</name>
         <load_address>0xfff6</load_address>
         <run_address>0xfff6</run_address>
         <size>0x2</size>
         <input_file_ref idref="fl-5e"/>
      </object_component>
      <object_component id="oc-82">
         <name>.int60</name>
         <load_address>0xfff8</load_address>
         <run_address>0xfff8</run_address>
         <size>0x2</size>
         <input_file_ref idref="fl-5f"/>
      </object_component>
      <object_component id="oc-83">
         <name>.int61</name>
         <load_address>0xfffa</load_address>
         <run_address>0xfffa</run_address>
         <size>0x2</size>
         <input_file_ref idref="fl-15"/>
      </object_component>
      <object_component id="oc-84">
         <name>.int62</name>
         <load_address>0xfffc</load_address>
         <run_address>0xfffc</run_address>
         <size>0x2</size>
         <input_file_ref idref="fl-60"/>
      </object_component>
      <object_component id="oc-9a">
         <name>.reset</name>
         <load_address>0xfffe</load_address>
         <run_address>0xfffe</run_address>
         <size>0x2</size>
         <input_file_ref idref="fl-4a"/>
      </object_component>
      <object_component id="oc-56f">
         <name>.common:CdcControl</name>
         <uninitialized>true</uninitialized>
         <run_address>0x2570</run_address>
         <size>0x8</size>
      </object_component>
      <object_component id="oc-48b">
         <name>.common:CdcWriteCtrl</name>
         <uninitialized>true</uninitialized>
         <run_address>0x2566</run_address>
         <size>0xa</size>
      </object_component>
      <object_component id="oc-48c">
         <name>.common:CdcReadCtrl</name>
         <uninitialized>true</uninitialized>
         <run_address>0x2556</run_address>
         <size>0x10</size>
      </object_component>
      <object_component id="oc-5bf">
         <name>.common:bConfigurationNumber</name>
         <uninitialized>true</uninitialized>
         <run_address>0x25a7</run_address>
         <size>0x1</size>
      </object_component>
      <object_component id="oc-5c4">
         <name>.common:bInterfaceNumber</name>
         <uninitialized>true</uninitialized>
         <run_address>0x25a8</run_address>
         <size>0x1</size>
      </object_component>
      <object_component id="oc-5cb">
         <name>.common:pbIEP0Buffer</name>
         <uninitialized>true</uninitialized>
         <run_address>0x259c</run_address>
         <size>0x2</size>
      </object_component>
      <object_component id="oc-5cf">
         <name>.common:pbOEP0Buffer</name>
         <uninitialized>true</uninitialized>
         <run_address>0x259e</run_address>
         <size>0x2</size>
      </object_component>
      <object_component id="oc-5c1">
         <name>.common:bRemoteWakeup</name>
         <uninitialized>true</uninitialized>
         <run_address>0x25a9</run_address>
         <size>0x1</size>
      </object_component>
      <object_component id="oc-5cd">
         <name>.common:wBytesRemainingOnIEP0</name>
         <uninitialized>true</uninitialized>
         <run_address>0x25a0</run_address>
         <size>0x2</size>
      </object_component>
      <object_component id="oc-5d0">
         <name>.common:wBytesRemainingOnOEP0</name>
         <uninitialized>true</uninitialized>
         <run_address>0x25a2</run_address>
         <size>0x2</size>
      </object_component>
      <object_component id="oc-5bc">
         <name>.common:abUsbRequestReturnData</name>
         <uninitialized>true</uninitialized>
         <run_address>0x2580</run_address>
         <size>0x8</size>
      </object_component>
      <object_component id="oc-57a">
         <name>.common:abUsbRequestIncomingData</name>
         <uninitialized>true</uninitialized>
         <run_address>0x2578</run_address>
         <size>0x8</size>
      </object_component>
      <object_component id="oc-59f">
         <name>.common:abramSerialStringDescriptor</name>
         <uninitialized>true</uninitialized>
         <run_address>0x251c</run_address>
         <size>0x22</size>
      </object_component>
      <object_component id="oc-5d1">
         <name>.common:bStatusAction</name>
         <uninitialized>true</uninitialized>
         <run_address>0x25aa</run_address>
         <size>0x1</size>
      </object_component>
      <object_component id="oc-441">
         <name>.common:wUsbEventMask</name>
         <uninitialized>true</uninitialized>
         <run_address>0x25a4</run_address>
         <size>0x2</size>
      </object_component>
      <object_component id="oc-40a">
         <name>.common:USB_TX_memcpy</name>
         <uninitialized>true</uninitialized>
         <run_address>0x2590</run_address>
         <size>0x4</size>
      </object_component>
      <object_component id="oc-480">
         <name>.common:USB_RX_memcpy</name>
         <uninitialized>true</uninitialized>
         <run_address>0x258c</run_address>
         <size>0x4</size>
      </object_component>
      <object_component id="oc-1ea">
         <name>.common:AFE44xx_SPO2_Data_buf</name>
         <uninitialized>true</uninitialized>
         <run_address>0x253e</run_address>
         <size>0x18</size>
      </object_component>
      <object_component id="oc-1bc">
         <name>.common:AFE44xxAddr</name>
         <uninitialized>true</uninitialized>
         <run_address>0x25a6</run_address>
         <size>0x1</size>
      </object_component>
      <object_component id="oc-1be">
         <name>.common:AFE44xxRegVal</name>
         <uninitialized>true</uninitialized>
         <run_address>0x2588</run_address>
         <size>0x4</size>
      </object_component>
      <object_component id="oc-1d2">
         <name>.common:totalCount</name>
         <uninitialized>true</uninitialized>
         <run_address>0x2598</run_address>
         <size>0x4</size>
      </object_component>
      <object_component id="oc-1d1">
         <name>.common:sampleCount</name>
         <uninitialized>true</uninitialized>
         <run_address>0x2594</run_address>
         <size>0x4</size>
      </object_component>
      <object_component id="oc-ff">
         <name>.data</name>
         <load_address>0x2510</load_address>
         <run_address>0x2510</run_address>
         <size>0x6</size>
         <input_file_ref idref="fl-15"/>
      </object_component>
      <object_component id="oc-144">
         <name>.data:wholeString</name>
         <load_address>0x24d0</load_address>
         <run_address>0x24d0</run_address>
         <size>0x40</size>
         <input_file_ref idref="fl-15"/>
      </object_component>
      <object_component id="oc-153">
         <name>.data:txString</name>
         <load_address>0x2490</load_address>
         <run_address>0x2490</run_address>
         <size>0x40</size>
         <input_file_ref idref="fl-15"/>
      </object_component>
      <object_component id="oc-2d0">
         <name>.data</name>
         <load_address>0x2516</load_address>
         <run_address>0x2516</run_address>
         <size>0x6</size>
         <input_file_ref idref="fl-9"/>
      </object_component>
      <object_component id="oc-3e3">
         <name>.data:AFE44xx_Current_Register_Settings</name>
         <load_address>0x2400</load_address>
         <run_address>0x2400</run_address>
         <size>0x90</size>
         <input_file_ref idref="fl-2"/>
      </object_component>
      <object_component id="oc-73">
         <name>.debug_info</name>
         <load_address>0x0</load_address>
         <run_address>0x0</run_address>
         <size>0x125</size>
         <input_file_ref idref="fl-4a"/>
      </object_component>
      <object_component id="oc-86">
         <name>.debug_info</name>
         <load_address>0x125</load_address>
         <run_address>0x125</run_address>
         <size>0x1b4</size>
         <input_file_ref idref="fl-4b"/>
      </object_component>
      <object_component id="oc-8f">
         <name>.debug_info</name>
         <load_address>0x2d9</load_address>
         <run_address>0x2d9</run_address>
         <size>0x183</size>
         <input_file_ref idref="fl-4d"/>
      </object_component>
      <object_component id="oc-92">
         <name>.debug_info</name>
         <load_address>0x45c</load_address>
         <run_address>0x45c</run_address>
         <size>0x1a7</size>
         <input_file_ref idref="fl-4c"/>
      </object_component>
      <object_component id="oc-98">
         <name>.debug_info</name>
         <load_address>0x603</load_address>
         <run_address>0x603</run_address>
         <size>0xaa</size>
         <input_file_ref idref="fl-4a"/>
      </object_component>
      <object_component id="oc-9e">
         <name>.debug_info</name>
         <load_address>0x6ad</load_address>
         <run_address>0x6ad</run_address>
         <size>0xc2</size>
         <input_file_ref idref="fl-61"/>
      </object_component>
      <object_component id="oc-a1">
         <name>.debug_info</name>
         <load_address>0x76f</load_address>
         <run_address>0x76f</run_address>
         <size>0x2e9</size>
         <input_file_ref idref="fl-15"/>
      </object_component>
      <object_component id="oc-a7">
         <name>.debug_info</name>
         <load_address>0xa58</load_address>
         <run_address>0xa58</run_address>
         <size>0x314</size>
         <input_file_ref idref="fl-2"/>
      </object_component>
      <object_component id="oc-ad">
         <name>.debug_info</name>
         <load_address>0xd6c</load_address>
         <run_address>0xd6c</run_address>
         <size>0x2f7</size>
         <input_file_ref idref="fl-15"/>
      </object_component>
      <object_component id="oc-b5">
         <name>.debug_info</name>
         <load_address>0x1063</load_address>
         <run_address>0x1063</run_address>
         <size>0xfd</size>
         <input_file_ref idref="fl-67"/>
      </object_component>
      <object_component id="oc-b9">
         <name>.debug_info</name>
         <load_address>0x1160</load_address>
         <run_address>0x1160</run_address>
         <size>0x176</size>
         <input_file_ref idref="fl-6d"/>
      </object_component>
      <object_component id="oc-bf">
         <name>.debug_info</name>
         <load_address>0x12d6</load_address>
         <run_address>0x12d6</run_address>
         <size>0x8cd</size>
         <input_file_ref idref="fl-15"/>
      </object_component>
      <object_component id="oc-c5">
         <name>.debug_info</name>
         <load_address>0x1ba3</load_address>
         <run_address>0x1ba3</run_address>
         <size>0xcc</size>
         <input_file_ref idref="fl-4f"/>
      </object_component>
      <object_component id="oc-cc">
         <name>.debug_info</name>
         <load_address>0x1c6f</load_address>
         <run_address>0x1c6f</run_address>
         <size>0x55f</size>
         <input_file_ref idref="fl-14"/>
      </object_component>
      <object_component id="oc-d2">
         <name>.debug_info</name>
         <load_address>0x21ce</load_address>
         <run_address>0x21ce</run_address>
         <size>0x2ff</size>
         <input_file_ref idref="fl-15"/>
      </object_component>
      <object_component id="oc-d9">
         <name>.debug_info</name>
         <load_address>0x24cd</load_address>
         <run_address>0x24cd</run_address>
         <size>0xcd</size>
         <input_file_ref idref="fl-4e"/>
      </object_component>
      <object_component id="oc-dd">
         <name>.debug_info</name>
         <load_address>0x259a</load_address>
         <run_address>0x259a</run_address>
         <size>0x46</size>
         <input_file_ref idref="fl-4b"/>
      </object_component>
      <object_component id="oc-e2">
         <name>.debug_info</name>
         <load_address>0x25e0</load_address>
         <run_address>0x25e0</run_address>
         <size>0x184</size>
         <input_file_ref idref="fl-4b"/>
      </object_component>
      <object_component id="oc-e4">
         <name>.debug_info</name>
         <load_address>0x2764</load_address>
         <run_address>0x2764</run_address>
         <size>0x46</size>
         <input_file_ref idref="fl-4d"/>
      </object_component>
      <object_component id="oc-e9">
         <name>.debug_info</name>
         <load_address>0x27aa</load_address>
         <run_address>0x27aa</run_address>
         <size>0x17f</size>
         <input_file_ref idref="fl-4d"/>
      </object_component>
      <object_component id="oc-ed">
         <name>.debug_info</name>
         <load_address>0x2929</load_address>
         <run_address>0x2929</run_address>
         <size>0x266</size>
         <input_file_ref idref="fl-4c"/>
      </object_component>
      <object_component id="oc-f1">
         <name>.debug_info</name>
         <load_address>0x2b8f</load_address>
         <run_address>0x2b8f</run_address>
         <size>0x189</size>
         <input_file_ref idref="fl-4c"/>
      </object_component>
      <object_component id="oc-f2">
         <name>.debug_info</name>
         <load_address>0x2d18</load_address>
         <run_address>0x2d18</run_address>
         <size>0x39</size>
         <input_file_ref idref="fl-4c"/>
      </object_component>
      <object_component id="oc-f9">
         <name>.debug_info</name>
         <load_address>0x2d51</load_address>
         <run_address>0x2d51</run_address>
         <size>0x84</size>
         <input_file_ref idref="fl-2"/>
      </object_component>
      <object_component id="oc-100">
         <name>.debug_info</name>
         <load_address>0x2dd5</load_address>
         <run_address>0x2dd5</run_address>
         <size>0x2be</size>
         <input_file_ref idref="fl-15"/>
      </object_component>
      <object_component id="oc-107">
         <name>.debug_info</name>
         <load_address>0x3093</load_address>
         <run_address>0x3093</run_address>
         <size>0x2e0</size>
         <input_file_ref idref="fl-6d"/>
      </object_component>
      <object_component id="oc-109">
         <name>.debug_info</name>
         <load_address>0x3373</load_address>
         <run_address>0x3373</run_address>
         <size>0x2f0</size>
         <input_file_ref idref="fl-15"/>
      </object_component>
      <object_component id="oc-10f">
         <name>.debug_info</name>
         <load_address>0x3663</load_address>
         <run_address>0x3663</run_address>
         <size>0x37b</size>
         <input_file_ref idref="fl-5"/>
      </object_component>
      <object_component id="oc-115">
         <name>.debug_info</name>
         <load_address>0x39de</load_address>
         <run_address>0x39de</run_address>
         <size>0x316</size>
         <input_file_ref idref="fl-15"/>
      </object_component>
      <object_component id="oc-11b">
         <name>.debug_info</name>
         <load_address>0x3cf4</load_address>
         <run_address>0x3cf4</run_address>
         <size>0x3a1</size>
         <input_file_ref idref="fl-2"/>
      </object_component>
      <object_component id="oc-121">
         <name>.debug_info</name>
         <load_address>0x4095</load_address>
         <run_address>0x4095</run_address>
         <size>0x39d</size>
         <input_file_ref idref="fl-9"/>
      </object_component>
      <object_component id="oc-127">
         <name>.debug_info</name>
         <load_address>0x4432</load_address>
         <run_address>0x4432</run_address>
         <size>0x374</size>
         <input_file_ref idref="fl-9"/>
      </object_component>
      <object_component id="oc-12d">
         <name>.debug_info</name>
         <load_address>0x47a6</load_address>
         <run_address>0x47a6</run_address>
         <size>0x35b</size>
         <input_file_ref idref="fl-9"/>
      </object_component>
      <object_component id="oc-133">
         <name>.debug_info</name>
         <load_address>0x4b01</load_address>
         <run_address>0x4b01</run_address>
         <size>0x385</size>
         <input_file_ref idref="fl-11"/>
      </object_component>
      <object_component id="oc-13c">
         <name>.debug_info</name>
         <load_address>0x4e86</load_address>
         <run_address>0x4e86</run_address>
         <size>0x183</size>
         <input_file_ref idref="fl-65"/>
      </object_component>
      <object_component id="oc-13f">
         <name>.debug_info</name>
         <load_address>0x5009</load_address>
         <run_address>0x5009</run_address>
         <size>0x454</size>
         <input_file_ref idref="fl-12"/>
      </object_component>
      <object_component id="oc-145">
         <name>.debug_info</name>
         <load_address>0x545d</load_address>
         <run_address>0x545d</run_address>
         <size>0x1bd</size>
         <input_file_ref idref="fl-15"/>
      </object_component>
      <object_component id="oc-149">
         <name>.debug_info</name>
         <load_address>0x561a</load_address>
         <run_address>0x561a</run_address>
         <size>0x189</size>
         <input_file_ref idref="fl-68"/>
      </object_component>
      <object_component id="oc-14e">
         <name>.debug_info</name>
         <load_address>0x57a3</load_address>
         <run_address>0x57a3</run_address>
         <size>0x3d4</size>
         <input_file_ref idref="fl-15"/>
      </object_component>
      <object_component id="oc-154">
         <name>.debug_info</name>
         <load_address>0x5b77</load_address>
         <run_address>0x5b77</run_address>
         <size>0x1b7</size>
         <input_file_ref idref="fl-15"/>
      </object_component>
      <object_component id="oc-157">
         <name>.debug_info</name>
         <load_address>0x5d2e</load_address>
         <run_address>0x5d2e</run_address>
         <size>0x49f</size>
         <input_file_ref idref="fl-12"/>
      </object_component>
      <object_component id="oc-15d">
         <name>.debug_info</name>
         <load_address>0x61cd</load_address>
         <run_address>0x61cd</run_address>
         <size>0x338</size>
         <input_file_ref idref="fl-9"/>
      </object_component>
      <object_component id="oc-163">
         <name>.debug_info</name>
         <load_address>0x6505</load_address>
         <run_address>0x6505</run_address>
         <size>0x336</size>
         <input_file_ref idref="fl-2"/>
      </object_component>
      <object_component id="oc-169">
         <name>.debug_info</name>
         <load_address>0x683b</load_address>
         <run_address>0x683b</run_address>
         <size>0xc83</size>
         <input_file_ref idref="fl-15"/>
      </object_component>
      <object_component id="oc-16e">
         <name>.debug_info</name>
         <load_address>0x74be</load_address>
         <run_address>0x74be</run_address>
         <size>0x341</size>
         <input_file_ref idref="fl-15"/>
      </object_component>
      <object_component id="oc-175">
         <name>.debug_info</name>
         <load_address>0x77ff</load_address>
         <run_address>0x77ff</run_address>
         <size>0xd9</size>
         <input_file_ref idref="fl-63"/>
      </object_component>
      <object_component id="oc-184">
         <name>.debug_info</name>
         <load_address>0x78d8</load_address>
         <run_address>0x78d8</run_address>
         <size>0x334</size>
         <input_file_ref idref="fl-2"/>
      </object_component>
      <object_component id="oc-193">
         <name>.debug_info</name>
         <load_address>0x7c0c</load_address>
         <run_address>0x7c0c</run_address>
         <size>0x32b</size>
         <input_file_ref idref="fl-2"/>
      </object_component>
      <object_component id="oc-19a">
         <name>.debug_info</name>
         <load_address>0x7f37</load_address>
         <run_address>0x7f37</run_address>
         <size>0x3a9</size>
         <input_file_ref idref="fl-2"/>
      </object_component>
      <object_component id="oc-1a7">
         <name>.debug_info</name>
         <load_address>0x82e0</load_address>
         <run_address>0x82e0</run_address>
         <size>0xd9</size>
         <input_file_ref idref="fl-64"/>
      </object_component>
      <object_component id="oc-1b1">
         <name>.debug_info</name>
         <load_address>0x83b9</load_address>
         <run_address>0x83b9</run_address>
         <size>0x39d</size>
         <input_file_ref idref="fl-2"/>
      </object_component>
      <object_component id="oc-1b7">
         <name>.debug_info</name>
         <load_address>0x8756</load_address>
         <run_address>0x8756</run_address>
         <size>0x32d</size>
         <input_file_ref idref="fl-2"/>
      </object_component>
      <object_component id="oc-1ec">
         <name>.debug_info</name>
         <load_address>0x8a83</load_address>
         <run_address>0x8a83</run_address>
         <size>0x481</size>
         <input_file_ref idref="fl-12"/>
      </object_component>
      <object_component id="oc-1f2">
         <name>.debug_info</name>
         <load_address>0x8f04</load_address>
         <run_address>0x8f04</run_address>
         <size>0x348</size>
         <input_file_ref idref="fl-9"/>
      </object_component>
      <object_component id="oc-1f8">
         <name>.debug_info</name>
         <load_address>0x924c</load_address>
         <run_address>0x924c</run_address>
         <size>0x2dc</size>
         <input_file_ref idref="fl-2"/>
      </object_component>
      <object_component id="oc-1ff">
         <name>.debug_info</name>
         <load_address>0x9528</load_address>
         <run_address>0x9528</run_address>
         <size>0x37d</size>
         <input_file_ref idref="fl-14"/>
      </object_component>
      <object_component id="oc-205">
         <name>.debug_info</name>
         <load_address>0x98a5</load_address>
         <run_address>0x98a5</run_address>
         <size>0x388</size>
         <input_file_ref idref="fl-8"/>
      </object_component>
      <object_component id="oc-20b">
         <name>.debug_info</name>
         <load_address>0x9c2d</load_address>
         <run_address>0x9c2d</run_address>
         <size>0x3c7</size>
         <input_file_ref idref="fl-8"/>
      </object_component>
      <object_component id="oc-211">
         <name>.debug_info</name>
         <load_address>0x9ff4</load_address>
         <run_address>0x9ff4</run_address>
         <size>0xb73</size>
         <input_file_ref idref="fl-9"/>
      </object_component>
      <object_component id="oc-214">
         <name>.debug_info</name>
         <load_address>0xab67</load_address>
         <run_address>0xab67</run_address>
         <size>0x371</size>
         <input_file_ref idref="fl-11"/>
      </object_component>
      <object_component id="oc-21a">
         <name>.debug_info</name>
         <load_address>0xaed8</load_address>
         <run_address>0xaed8</run_address>
         <size>0x442</size>
         <input_file_ref idref="fl-8"/>
      </object_component>
      <object_component id="oc-220">
         <name>.debug_info</name>
         <load_address>0xb31a</load_address>
         <run_address>0xb31a</run_address>
         <size>0x347</size>
         <input_file_ref idref="fl-9"/>
      </object_component>
      <object_component id="oc-227">
         <name>.debug_info</name>
         <load_address>0xb661</load_address>
         <run_address>0xb661</run_address>
         <size>0x352</size>
         <input_file_ref idref="fl-11"/>
      </object_component>
      <object_component id="oc-22d">
         <name>.debug_info</name>
         <load_address>0xb9b3</load_address>
         <run_address>0xb9b3</run_address>
         <size>0x338</size>
         <input_file_ref idref="fl-9"/>
      </object_component>
      <object_component id="oc-234">
         <name>.debug_info</name>
         <load_address>0xbceb</load_address>
         <run_address>0xbceb</run_address>
         <size>0x354</size>
         <input_file_ref idref="fl-11"/>
      </object_component>
      <object_component id="oc-23a">
         <name>.debug_info</name>
         <load_address>0xc03f</load_address>
         <run_address>0xc03f</run_address>
         <size>0x36b</size>
         <input_file_ref idref="fl-9"/>
      </object_component>
      <object_component id="oc-241">
         <name>.debug_info</name>
         <load_address>0xc3aa</load_address>
         <run_address>0xc3aa</run_address>
         <size>0x350</size>
         <input_file_ref idref="fl-11"/>
      </object_component>
      <object_component id="oc-247">
         <name>.debug_info</name>
         <load_address>0xc6fa</load_address>
         <run_address>0xc6fa</run_address>
         <size>0x33b</size>
         <input_file_ref idref="fl-14"/>
      </object_component>
      <object_component id="oc-24e">
         <name>.debug_info</name>
         <load_address>0xca35</load_address>
         <run_address>0xca35</run_address>
         <size>0x363</size>
         <input_file_ref idref="fl-11"/>
      </object_component>
      <object_component id="oc-254">
         <name>.debug_info</name>
         <load_address>0xcd98</load_address>
         <run_address>0xcd98</run_address>
         <size>0x33b</size>
         <input_file_ref idref="fl-14"/>
      </object_component>
      <object_component id="oc-25c">
         <name>.debug_info</name>
         <load_address>0xd0d3</load_address>
         <run_address>0xd0d3</run_address>
         <size>0x350</size>
         <input_file_ref idref="fl-11"/>
      </object_component>
      <object_component id="oc-262">
         <name>.debug_info</name>
         <load_address>0xd423</load_address>
         <run_address>0xd423</run_address>
         <size>0x66f</size>
         <input_file_ref idref="fl-8"/>
      </object_component>
      <object_component id="oc-268">
         <name>.debug_info</name>
         <load_address>0xda92</load_address>
         <run_address>0xda92</run_address>
         <size>0x38f</size>
         <input_file_ref idref="fl-14"/>
      </object_component>
      <object_component id="oc-26e">
         <name>.debug_info</name>
         <load_address>0xde21</load_address>
         <run_address>0xde21</run_address>
         <size>0x355</size>
         <input_file_ref idref="fl-14"/>
      </object_component>
      <object_component id="oc-281">
         <name>.debug_info</name>
         <load_address>0xe176</load_address>
         <run_address>0xe176</run_address>
         <size>0x39</size>
         <input_file_ref idref="fl-6d"/>
      </object_component>
      <object_component id="oc-288">
         <name>.debug_info</name>
         <load_address>0xe1af</load_address>
         <run_address>0xe1af</run_address>
         <size>0x39c</size>
         <input_file_ref idref="fl-5"/>
      </object_component>
      <object_component id="oc-28e">
         <name>.debug_info</name>
         <load_address>0xe54b</load_address>
         <run_address>0xe54b</run_address>
         <size>0x3a0</size>
         <input_file_ref idref="fl-5"/>
      </object_component>
      <object_component id="oc-294">
         <name>.debug_info</name>
         <load_address>0xe8eb</load_address>
         <run_address>0xe8eb</run_address>
         <size>0x18b</size>
         <input_file_ref idref="fl-3"/>
      </object_component>
      <object_component id="oc-29a">
         <name>.debug_info</name>
         <load_address>0xea76</load_address>
         <run_address>0xea76</run_address>
         <size>0x364</size>
         <input_file_ref idref="fl-3"/>
      </object_component>
      <object_component id="oc-2a0">
         <name>.debug_info</name>
         <load_address>0xedda</load_address>
         <run_address>0xedda</run_address>
         <size>0x32e</size>
         <input_file_ref idref="fl-3"/>
      </object_component>
      <object_component id="oc-2a7">
         <name>.debug_info</name>
         <load_address>0xf108</load_address>
         <run_address>0xf108</run_address>
         <size>0x346</size>
         <input_file_ref idref="fl-2"/>
      </object_component>
      <object_component id="oc-2ad">
         <name>.debug_info</name>
         <load_address>0xf44e</load_address>
         <run_address>0xf44e</run_address>
         <size>0x330</size>
         <input_file_ref idref="fl-2"/>
      </object_component>
      <object_component id="oc-2b3">
         <name>.debug_info</name>
         <load_address>0xf77e</load_address>
[...]
         <object_component_ref idref="oc-2da"/>
      </symbol>
      <symbol id="sm-6ed">
         <name>usbGetDeviceStatus</name>
         <value>0x6d42</value>
         <object_component_ref idref="oc-51b"/>
      </symbol>
      <symbol id="sm-6ee">
         <name>USB_disable</name>
         <value>0x6d6c</value>
         <object_component_ref idref="oc-15c"/>
      </symbol>
      <symbol id="sm-70d">
         <name>USB_TX_memcpy</name>
         <value>0x2590</value>
      </symbol>
      <symbol id="sm-70e">
         <name>USB_RX_memcpy</name>
         <value>0x258c</value>
      </symbol>
      <symbol id="sm-70f">
         <name>memcpyDMA0</name>
         <value>0x6ce6</value>
         <object_component_ref idref="oc-404"/>
      </symbol>
      <symbol id="sm-710">
         <name>USB_initMemcpy</name>
         <value>0x6b7a</value>
         <object_component_ref idref="oc-2c7"/>
      </symbol>
      <symbol id="sm-711">
         <name>memcpyV</name>
         <value>0x6d8e</value>
         <object_component_ref idref="oc-3fc"/>
      </symbol>
      <symbol id="sm-76e">
         <name>USBCDC_handleSetControlLineState</name>
         <value>0x7080</value>
         <object_component_ref idref="oc-582"/>
      </symbol>
      <symbol id="sm-76f">
         <name>USB_handleSuspendEvent</name>
         <value>0x7098</value>
         <object_component_ref idref="oc-233"/>
      </symbol>
      <symbol id="sm-770">
         <name>USB_handleVbusOnEvent</name>
         <value>0x6f42</value>
         <object_component_ref idref="oc-132"/>
      </symbol>
      <symbol id="sm-771">
         <name>USBCDC_handleDataReceived</name>
         <value>0x7040</value>
         <object_component_ref idref="oc-213"/>
      </symbol>
      <symbol id="sm-772">
         <name>USBCDC_handleReceiveCompleted</name>
         <value>0x7078</value>
         <object_component_ref idref="oc-361"/>
      </symbol>
      <symbol id="sm-773">
         <name>USB_handleResetEvent</name>
         <value>0x7090</value>
         <object_component_ref idref="oc-240"/>
      </symbol>
      <symbol id="sm-774">
         <name>USB_handleEnumCompleteEvent</name>
         <value>0x708c</value>
         <object_component_ref idref="oc-465"/>
      </symbol>
      <symbol id="sm-775">
         <name>USBCDC_handleSendCompleted</name>
         <value>0x707c</value>
         <object_component_ref idref="oc-395"/>
      </symbol>
      <symbol id="sm-776">
         <name>USB_handleVbusOffEvent</name>
         <value>0x7048</value>
         <object_component_ref idref="oc-24d"/>
      </symbol>
      <symbol id="sm-777">
         <name>USBCDC_handleSetLineCoding</name>
         <value>0x7084</value>
         <object_component_ref idref="oc-4b8"/>
      </symbol>
      <symbol id="sm-778">
         <name>USB_handleResumeEvent</name>
         <value>0x7094</value>
         <object_component_ref idref="oc-226"/>
      </symbol>
      <symbol id="sm-779">
         <name>USB_handleClockEvent</name>
         <value>0x7088</value>
         <object_component_ref idref="oc-25b"/>
      </symbol>
      <symbol id="sm-7a8">
         <name>cdcReceiveDataInBuffer</name>
         <value>0x695e</value>
         <object_component_ref idref="oc-13e"/>
      </symbol>
      <symbol id="sm-7a9">
         <name>cdcSendDataWaitTilDone</name>
         <value>0x6258</value>
         <object_component_ref idref="oc-1eb"/>
      </symbol>
      <symbol id="sm-7aa">
         <name>cdcSendDataInBackground</name>
         <value>0x6414</value>
         <object_component_ref idref="oc-156"/>
      </symbol>
      <symbol id="sm-7c8">
         <name>abromConfigurationDescriptorGroup</name>
         <value>0x45a0</value>
         <object_component_ref idref="oc-595"/>
      </symbol>
      <symbol id="sm-7c9">
         <name>tUsbRequestList</name>
         <value>0x4400</value>
         <object_component_ref idref="oc-45c"/>
      </symbol>
      <symbol id="sm-7ca">
         <name>abromDeviceDescriptor</name>
         <value>0x4604</value>
         <object_component_ref idref="oc-590"/>
      </symbol>
      <symbol id="sm-7cb">
         <name>abromStringDescriptor</name>
         <value>0x450a</value>
         <object_component_ref idref="oc-599"/>
      </symbol>
      <symbol id="sm-7cc">
         <name>stUsbHandle</name>
         <value>0x4616</value>
         <object_component_ref idref="oc-330"/>
      </symbol>
      <symbol id="sm-81c">
         <name>IEP0InterruptHandler</name>
         <value>0x6e4e</value>
         <object_component_ref idref="oc-26d"/>
      </symbol>
      <symbol id="sm-81d">
         <name>OEP0InterruptHandler</name>
         <value>0x6b42</value>
         <object_component_ref idref="oc-267"/>
      </symbol>
      <symbol id="sm-81e">
         <name>__TI_int51</name>
         <value>0xffe6</value>
         <object_component_ref idref="oc-79"/>
      </symbol>
      <symbol id="sm-81f">
         <name>PWRVBUSonHandler</name>
         <value>0x6be8</value>
         <object_component_ref idref="oc-253"/>
      </symbol>
      <symbol id="sm-820">
         <name>SetupPacketInterruptHandler</name>
         <value>0x66c4</value>
         <object_component_ref idref="oc-1fe"/>
      </symbol>
      <symbol id="sm-821">
         <name>PWRVBUSoffHandler</name>
         <value>0x667c</value>
         <object_component_ref idref="oc-246"/>
      </symbol>
      <symbol id="sm-822">
         <name>iUsbInterruptHandler</name>
         <value>0x4626</value>
         <object_component_ref idref="oc-cb"/>
      </symbol>
      <symbol id="sm-8a7">
         <name>AFE44xx_SPO2_Data_buf</name>
         <value>0x253e</value>
      </symbol>
      <symbol id="sm-8a8">
         <name>AFE44xxAddr</name>
         <value>0x25a6</value>
      </symbol>
      <symbol id="sm-8a9">
         <name>AFE44xxRegVal</name>
         <value>0x2588</value>
      </symbol>
      <symbol id="sm-8aa">
         <name>totalCount</name>
         <value>0x2598</value>
      </symbol>
      <symbol id="sm-8ab">
         <name>sampleCount</name>
         <value>0x2594</value>
      </symbol>
      <symbol id="sm-8ac">
         <name>ascii2uint8</name>
         <value>0x6b08</value>
         <object_component_ref idref="oc-16d"/>
      </symbol>
      <symbol id="sm-8ad">
         <name>CALIBRATION_ENABLED</name>
         <value>0x2515</value>
         <object_component_ref idref="oc-ff"/>
      </symbol>
      <symbol id="sm-8ae">
         <name>captureInProgressFlag</name>
         <value>0x2512</value>
         <object_component_ref idref="oc-ff"/>
      </symbol>
      <symbol id="sm-8af">
         <name>TIMER1_A0_ISR</name>
         <value>0x47d0</value>
         <object_component_ref idref="oc-ac"/>
      </symbol>
      <symbol id="sm-8b0">
         <name>sendDataFlag</name>
         <value>0x2513</value>
         <object_component_ref idref="oc-ff"/>
      </symbol>
      <symbol id="sm-8b1">
         <name>__TI_int61</name>
         <value>0xfffa</value>
         <object_component_ref idref="oc-83"/>
      </symbol>
      <symbol id="sm-8b2">
         <name>wholeString</name>
         <value>0x24d0</value>
         <object_component_ref idref="oc-144"/>
      </symbol>
      <symbol id="sm-8b3">
         <name>captureMode</name>
         <value>0x2511</value>
         <object_component_ref idref="oc-ff"/>
      </symbol>
      <symbol id="sm-8b4">
         <name>__TI_int49</name>
         <value>0xffe2</value>
         <object_component_ref idref="oc-71"/>
      </symbol>
      <symbol id="sm-8b5">
         <name>__TI_int42</name>
         <value>0xffd4</value>
         <object_component_ref idref="oc-6a"/>
      </symbol>
      <symbol id="sm-8b6">
         <name>txString</name>
         <value>0x2490</value>
         <object_component_ref idref="oc-153"/>
      </symbol>
      <symbol id="sm-8b7">
         <name>Port_2</name>
         <value>0x47b6</value>
         <object_component_ref idref="oc-a0"/>
      </symbol>
      <symbol id="sm-8b8">
         <name>bCDCDataReceived_event</name>
         <value>0x2510</value>
         <object_component_ref idref="oc-ff"/>
      </symbol>
      <symbol id="sm-8b9">
         <name>readDataFlag</name>
         <value>0x2514</value>
         <object_component_ref idref="oc-ff"/>
      </symbol>
      <symbol id="sm-8ba">
         <name>UNMI_ISR</name>
         <value>0x475e</value>
         <object_component_ref idref="oc-d1"/>
      </symbol>
      <symbol id="sm-8bb">
         <name>Init_Clock</name>
         <value>0x6a56</value>
         <object_component_ref idref="oc-114"/>
      </symbol>
      <symbol id="sm-8bc">
         <name>Init_Ports</name>
         <value>0x681e</value>
         <object_component_ref idref="oc-108"/>
      </symbol>
      <symbol id="sm-8bd">
         <name>retInString</name>
         <value>0x57fe</value>
         <object_component_ref idref="oc-14d"/>
      </symbol>
      <symbol id="sm-8be">
         <name>main</name>
         <value>0x47d2</value>
         <object_component_ref idref="oc-be"/>
      </symbol>
      <symbol id="sm-8ce">
         <name>_c_int00_noexit</name>
         <value>0x479c</value>
         <object_component_ref idref="oc-72"/>
      </symbol>
      <symbol id="sm-8cf">
         <name>_c_int00</name>
         <value>0x479c</value>
         <object_component_ref idref="oc-72"/>
      </symbol>
      <symbol id="sm-8d0">
         <name>_stack</name>
         <value>0x4360</value>
         <object_component_ref idref="oc-97"/>
      </symbol>
      <symbol id="sm-8d1">
         <name>_reset_vector</name>
         <value>0xfffe</value>
         <object_component_ref idref="oc-9a"/>
      </symbol>
      <symbol id="sm-8e2">
         <name>__TI_decompress_none</name>
         <value>0x6a92</value>
         <object_component_ref idref="oc-85"/>
      </symbol>
      <symbol id="sm-906">
         <name>__TI_decompress_rle24</name>
         <value>0x6fca</value>
         <object_component_ref idref="oc-91"/>
      </symbol>
      <symbol id="sm-919">
         <name>__TI_zero_init</name>
         <value>0x699c</value>
         <object_component_ref idref="oc-8b"/>
      </symbol>
      <symbol id="sm-924">
         <name>__memcpy_far</name>
         <value>0x68a0</value>
         <object_component_ref idref="oc-d7"/>
      </symbol>
      <symbol id="sm-92e">
         <name>C$$EXIT</name>
         <value>0x70a0</value>
         <object_component_ref idref="oc-c4"/>
      </symbol>
      <symbol id="sm-92f">
         <name>abort</name>
         <value>0x70a0</value>
         <object_component_ref idref="oc-c4"/>
      </symbol>
      <symbol id="sm-932">
         <name>__TI_int41</name>
         <value>0xffd2</value>
         <object_component_ref idref="oc-69"/>
      </symbol>
      <symbol id="sm-935">
         <name>__TI_int43</name>
         <value>0xffd6</value>
         <object_component_ref idref="oc-6b"/>
      </symbol>
      <symbol id="sm-938">
         <name>__TI_int44</name>
         <value>0xffd8</value>
         <object_component_ref idref="oc-6c"/>
      </symbol>
      <symbol id="sm-93b">
         <name>__TI_int46</name>
         <value>0xffdc</value>
         <object_component_ref idref="oc-6e"/>
      </symbol>
      <symbol id="sm-93e">
         <name>__TI_int47</name>
         <value>0xffde</value>
         <object_component_ref idref="oc-6f"/>
      </symbol>
      <symbol id="sm-941">
         <name>__TI_int48</name>
         <value>0xffe0</value>
         <object_component_ref idref="oc-70"/>
      </symbol>
      <symbol id="sm-944">
         <name>__TI_int50</name>
         <value>0xffe4</value>
         <object_component_ref idref="oc-78"/>
      </symbol>
      <symbol id="sm-947">
         <name>__TI_int52</name>
         <value>0xffe8</value>
         <object_component_ref idref="oc-7a"/>
      </symbol>
      <symbol id="sm-94a">
         <name>__TI_int53</name>
         <value>0xffea</value>
         <object_component_ref idref="oc-7b"/>
      </symbol>
      <symbol id="sm-94d">
         <name>__TI_int54</name>
         <value>0xffec</value>
         <object_component_ref idref="oc-7c"/>
      </symbol>
      <symbol id="sm-950">
         <name>__TI_int55</name>
         <value>0xffee</value>
         <object_component_ref idref="oc-7d"/>
      </symbol>
      <symbol id="sm-953">
         <name>__TI_int56</name>
         <value>0xfff0</value>
         <object_component_ref idref="oc-7e"/>
      </symbol>
      <symbol id="sm-956">
         <name>__TI_int57</name>
         <value>0xfff2</value>
         <object_component_ref idref="oc-7f"/>
      </symbol>
      <symbol id="sm-959">
         <name>__TI_int58</name>
         <value>0xfff4</value>
         <object_component_ref idref="oc-80"/>
      </symbol>
      <symbol id="sm-95c">
         <name>__TI_int59</name>
         <value>0xfff6</value>
         <object_component_ref idref="oc-81"/>
      </symbol>
      <symbol id="sm-95f">
         <name>__TI_int60</name>
         <value>0xfff8</value>
         <object_component_ref idref="oc-82"/>
      </symbol>
      <symbol id="sm-962">
         <name>__TI_int62</name>
         <value>0xfffc</value>
         <object_component_ref idref="oc-84"/>
      </symbol>
      <symbol id="sm-96a">
         <name>__TI_ISR_TRAP</name>
         <value>0x7066</value>
         <object_component_ref idref="oc-9b"/>
      </symbol>
      <symbol id="sm-973">
         <name>__mspabi_slli</name>
         <value>0x702c</value>
         <object_component_ref idref="oc-456"/>
      </symbol>
      <symbol id="sm-97b">
         <name>__mspabi_slll_9</name>
         <value>0x69f2</value>
         <object_component_ref idref="oc-174"/>
      </symbol>
      <symbol id="sm-97c">
         <name>__mspabi_slll_8</name>
         <value>0x69f6</value>
         <object_component_ref idref="oc-174"/>
      </symbol>
      <symbol id="sm-97d">
         <name>__mspabi_slll_7</name>
         <value>0x69fa</value>
         <object_component_ref idref="oc-174"/>
      </symbol>
      <symbol id="sm-97e">
         <name>__mspabi_slll_6</name>
         <value>0x69fe</value>
         <object_component_ref idref="oc-174"/>
      </symbol>
      <symbol id="sm-97f">
         <name>__mspabi_slll_5</name>
         <value>0x6a02</value>
         <object_component_ref idref="oc-174"/>
      </symbol>
      <symbol id="sm-980">
         <name>__mspabi_slll_4</name>
         <value>0x6a06</value>
         <object_component_ref idref="oc-174"/>
      </symbol>
      <symbol id="sm-981">
         <name>__mspabi_slll_3</name>
         <value>0x6a0a</value>
         <object_component_ref idref="oc-174"/>
      </symbol>
      <symbol id="sm-982">
         <name>__mspabi_slll_2</name>
         <value>0x6a0e</value>
         <object_component_ref idref="oc-174"/>
      </symbol>
      <symbol id="sm-983">
         <name>__mspabi_slll_1</name>
         <value>0x6a12</value>
         <object_component_ref idref="oc-174"/>
      </symbol>
      <symbol id="sm-984">
         <name>__mspabi_slll_15</name>
         <value>0x69da</value>
         <object_component_ref idref="oc-174"/>
      </symbol>
      <symbol id="sm-985">
         <name>__mspabi_slll_14</name>
         <value>0x69de</value>
         <object_component_ref idref="oc-174"/>
      </symbol>
      <symbol id="sm-986">
         <name>__mspabi_slll_13</name>
         <value>0x69e2</value>
         <object_component_ref idref="oc-174"/>
      </symbol>
      <symbol id="sm-987">
         <name>__mspabi_slll_12</name>
         <value>0x69e6</value>
         <object_component_ref idref="oc-174"/>
      </symbol>
      <symbol id="sm-988">
         <name>__mspabi_slll_11</name>
         <value>0x69ea</value>
         <object_component_ref idref="oc-174"/>
      </symbol>
      <symbol id="sm-989">
         <name>__mspabi_slll_10</name>
         <value>0x69ee</value>
         <object_component_ref idref="oc-174"/>
      </symbol>
      <symbol id="sm-991">
         <name>__mspabi_srll_8</name>
         <value>0x6a34</value>
         <object_component_ref idref="oc-1a4"/>
      </symbol>
      <symbol id="sm-992">
         <name>__mspabi_srll_9</name>
         <value>0x6a30</value>
         <object_component_ref idref="oc-1a4"/>
      </symbol>
      <symbol id="sm-993">
         <name>__mspabi_srll_6</name>
         <value>0x6a3c</value>
         <object_component_ref idref="oc-1a4"/>
      </symbol>
      <symbol id="sm-994">
         <name>__mspabi_srll_7</name>
         <value>0x6a38</value>
         <object_component_ref idref="oc-1a4"/>
      </symbol>
      <symbol id="sm-995">
         <name>__mspabi_srll_4</name>
         <value>0x6a44</value>
         <object_component_ref idref="oc-1a4"/>
      </symbol>
      <symbol id="sm-996">
         <name>__mspabi_srll_5</name>
         <value>0x6a40</value>
         <object_component_ref idref="oc-1a4"/>
      </symbol>
      <symbol id="sm-997">
         <name>__mspabi_srll_2</name>
         <value>0x6a4c</value>
         <object_component_ref idref="oc-1a4"/>
      </symbol>
      <symbol id="sm-998">
         <name>__mspabi_srll_3</name>
         <value>0x6a48</value>
         <object_component_ref idref="oc-1a4"/>
      </symbol>
      <symbol id="sm-999">
         <name>__mspabi_srll_1</name>
         <value>0x6a50</value>
         <object_component_ref idref="oc-1a4"/>
      </symbol>
      <symbol id="sm-99a">
         <name>__mspabi_srll_15</name>
         <value>0x6a18</value>
         <object_component_ref idref="oc-1a4"/>
      </symbol>
      <symbol id="sm-99b">
         <name>__mspabi_srll_14</name>
         <value>0x6a1c</value>
         <object_component_ref idref="oc-1a4"/>
      </symbol>
      <symbol id="sm-99c">
         <name>__mspabi_srll_13</name>
         <value>0x6a20</value>
         <object_component_ref idref="oc-1a4"/>
      </symbol>
      <symbol id="sm-99d">
         <name>__mspabi_srll_12</name>
         <value>0x6a24</value>
         <object_component_ref idref="oc-1a4"/>
      </symbol>
      <symbol id="sm-99e">
         <name>__mspabi_srll_11</name>
         <value>0x6a28</value>
         <object_component_ref idref="oc-1a4"/>
      </symbol>
      <symbol id="sm-99f">
         <name>__mspabi_srll_10</name>
         <value>0x6a2c</value>
         <object_component_ref idref="oc-1a4"/>
      </symbol>
      <symbol id="sm-9ad">
         <name>memset</name>
         <value>0x6f56</value>
         <object_component_ref idref="oc-138"/>
      </symbol>
      <symbol id="sm-9b5">
         <name>__mspabi_mpyi_f5hw</name>
         <value>0x6f00</value>
         <object_component_ref idref="oc-387"/>
      </symbol>
      <symbol id="sm-9be">
         <name>_system_pre_init</name>
         <value>0x709c</value>
         <object_component_ref idref="oc-b2"/>
      </symbol>
      <symbol id="sm-9cd">
         <name>strcat</name>
         <value>0x6e9e</value>
         <object_component_ref idref="oc-147"/>
      </symbol>
      <symbol id="sm-9da">
         <name>strlen</name>
         <value>0x6fd8</value>
         <object_component_ref idref="oc-2f4"/>
      </symbol>
      <symbol id="sm-9ea">
         <name>strncpy</name>
         <value>0x6d16</value>
         <object_component_ref idref="oc-2fa"/>
      </symbol>
      <symbol id="sm-a02">
         <name>_auto_init</name>
         <value>0x62ca</value>
         <object_component_ref idref="oc-b8"/>
      </symbol>
      <symbol id="sm-a03">
         <name>__TI_exit</name>
         <value>0x1</value>
      </symbol>
      <symbol id="sm-a04">
         <name>__TI_args_main</name>
         <value>0x1</value>
      </symbol>
      <symbol id="sm-a05">
         <name>__TI_INITARRAY_Base</name>
         <value>0x0</value>
      </symbol>
      <symbol id="sm-a06">
         <name>__TI_INITARRAY_Limit</name>
         <value>0x0</value>
      </symbol>
   </symbol_table>
   <title>Link successful</title>
</link_info>
